newtxtta newtxtt " txttECEncodingA ReEncodeFont " <[txttAec.enc <newtxtt.pfb
newtxttb newtxtt " txttECEncodingB ReEncodeFont " <[txttBec.enc <newtxtt.pfb
newtxttc newtxtt " txttECEncodingC ReEncodeFont " <[txttCec.enc <newtxtt.pfb
newtxttd newtxtt " txttECEncodingD ReEncodeFont " <[txttDec.enc <newtxtt.pfb
newtxbtta newtxbtt " txttECEncodingA ReEncodeFont " <[txttAec.enc <newtxbtt.pfb
newtxbttb newtxbtt " txttECEncodingB ReEncodeFont " <[txttBec.enc <newtxbtt.pfb
newtxbttc newtxbtt " txttECEncodingC ReEncodeFont " <[txttCec.enc <newtxbtt.pfb
newtxbttd newtxbtt " txttECEncodingD ReEncodeFont " <[txttDec.enc <newtxbtt.pfb
newtxttsca newtxttsc " txttECEncodingA ReEncodeFont " <[txttAec.enc <newtxttsc.pfb
newtxttscb newtxttsc " txttECEncodingB ReEncodeFont " <[txttBec.enc <newtxttsc.pfb
newtxttscc newtxttsc " txttECEncodingC ReEncodeFont " <[txttCec.enc <newtxttsc.pfb
newtxttscd newtxttsc " txttECEncodingD ReEncodeFont " <[txttDec.enc <newtxttsc.pfb
newtxbttsca newtxbttsc " txttECEncodingA ReEncodeFont " <[txttAec.enc <newtxbttsc.pfb
newtxbttscb newtxbttsc " txttECEncodingB ReEncodeFont " <[txttBec.enc <newtxbttsc.pfb
newtxbttscc newtxbttsc " txttECEncodingC ReEncodeFont " <[txttCec.enc <newtxbttsc.pfb
newtxbttscd newtxbttsc " txttECEncodingD ReEncodeFont " <[txttDec.enc <newtxbttsc.pfb
newtxttsla newtxtt " .167 SlantFont txttECEncodingA ReEncodeFont " <[txttAec.enc <newtxtt.pfb
newtxttslb newtxtt " .167 SlantFont txttECEncodingB ReEncodeFont " <[txttBec.enc <newtxtt.pfb
newtxttslc newtxtt " .167 SlantFont txttECEncodingC ReEncodeFont " <[txttCec.enc <newtxtt.pfb
newtxttsld newtxtt " .167 SlantFont txttECEncodingD ReEncodeFont " <[txttDec.enc <newtxtt.pfb
newtxbttsld newtxbtt " .167 SlantFont txttECEncodingD ReEncodeFont " <[txttDec.enc <newtxbtt.pfb
newtxbttslc newtxbtt " .167 SlantFont txttECEncodingC ReEncodeFont " <[txttCec.enc <newtxbtt.pfb
newtxbttslb newtxbtt " .167 SlantFont txttECEncodingB ReEncodeFont " <[txttBec.enc <newtxbtt.pfb
newtxbttsla newtxbtt " .167 SlantFont txttECEncodingA ReEncodeFont " <[txttAec.enc <newtxbtt.pfb
newtxttza newtxtt " txttECEncodingA ReEncodeFont " <[txttAec.enc <newtxtt.pfb
newtxttzb newtxtt " txttECEncodingB ReEncodeFont " <[txttBec.enc <newtxtt.pfb
newtxttzc newtxtt " txttECEncodingC ReEncodeFont " <[txttCec.enc <newtxtt.pfb
newtxttzd newtxtt " txttECEncodingD ReEncodeFont " <[txttDec.enc <newtxtt.pfb
newtxbttza newtxbtt " txttECEncodingA ReEncodeFont " <[txttAec.enc <newtxbtt.pfb
newtxbttzb newtxbtt " txttECEncodingB ReEncodeFont " <[txttBec.enc <newtxbtt.pfb
newtxbttzc newtxbtt " txttECEncodingC ReEncodeFont " <[txttCec.enc <newtxbtt.pfb
newtxbttzd newtxbtt " txttECEncodingD ReEncodeFont " <[txttDec.enc <newtxbtt.pfb
newtxttzsca newtxttsc " txttECEncodingA ReEncodeFont " <[txttAec.enc <newtxttsc.pfb
newtxttzscb newtxttsc " txttECEncodingB ReEncodeFont " <[txttBec.enc <newtxttsc.pfb
newtxttzscc newtxttsc " txttECEncodingC ReEncodeFont " <[txttCec.enc <newtxttsc.pfb
newtxttzscd newtxttsc " txttECEncodingD ReEncodeFont " <[txttDec.enc <newtxttsc.pfb
newtxbttzsca newtxbttsc " txttECEncodingA ReEncodeFont " <[txttAec.enc <newtxbttsc.pfb
newtxbttzscb newtxbttsc " txttECEncodingB ReEncodeFont " <[txttBec.enc <newtxbttsc.pfb
newtxbttzscc newtxbttsc " txttECEncodingC ReEncodeFont " <[txttCec.enc <newtxbttsc.pfb
newtxbttzscd newtxbttsc " txttECEncodingD ReEncodeFont " <[txttDec.enc <newtxbttsc.pfb
newtxttzsla newtxtt " .167 SlantFont txttECEncodingA ReEncodeFont " <[txttAec.enc <newtxtt.pfb
newtxttzslb newtxtt " .167 SlantFont txttECEncodingB ReEncodeFont " <[txttBec.enc <newtxtt.pfb
newtxttzslc newtxtt " .167 SlantFont txttECEncodingC ReEncodeFont " <[txttCec.enc <newtxtt.pfb
newtxttzsld newtxtt " .167 SlantFont txttECEncodingD ReEncodeFont " <[txttDec.enc <newtxtt.pfb
newtxbttzsld newtxbtt " .167 SlantFont txttECEncodingD ReEncodeFont " <[txttDec.enc <newtxbtt.pfb
newtxbttzslc newtxbtt " .167 SlantFont txttECEncodingC ReEncodeFont " <[txttCec.enc <newtxbtt.pfb
newtxbttzslb newtxbtt " .167 SlantFont txttECEncodingB ReEncodeFont " <[txttBec.enc <newtxbtt.pfb
newtxbttzsla newtxbtt " .167 SlantFont txttECEncodingA ReEncodeFont " <[txttAec.enc <newtxbtt.pfb
tcxbttz tcxbtt <tcxbtt.pfb
tcxbttzsl tcxbtt ".167 SlantFont" <tcxbtt.pfb
tcxttz tcxtt <tcxtt.pfb
tcxttzsl tcxtt ".167 SlantFont" <tcxtt.pfb
