zxlz-caps LinLibertineZ " LibCapsEncoding ReEncodeFont " <[libcaps.enc <zxlz.pfb
zxlr-caps LinLibertine " LibCapsEncoding ReEncodeFont " <[libcaps.enc <zxlr.pfb
Libertine-nu Libertine-nu <Libertine-nu.pfb
LibertineI-nu LibertineI-nu <LibertineI-nu.pfb
LibertineZ-nu LibertineZ-nu <LibertineZ-nu.pfb
LibertineZI-nu LibertineZI-nu <LibertineZI-nu.pfb
LibertineZI-7nu LibertineZI-7nu <LibertineZI-7nu.pfb
LibertineZI-5nu LibertineZI-5nu <LibertineZI-5nu.pfb
LibertineI-5nu LibertineI-5nu <LibertineI-5nu.pfb
LibertineI-7nu LibertineI-7nu <LibertineI-7nu.pfb
zxlzi-8r LinLibertineZI " TeXBase1Encoding ReEncodeFont " <[8r.enc <zxlzi.pfb
zxlri-8r LinLibertineI " TeXBase1Encoding ReEncodeFont " <[8r.enc <zxlri.pfb
zxlz-8r LinLibertineZ " TeXBase1Encoding ReEncodeFont " <[8r.enc <zxlz.pfb
zxlr-8r LinLibertine " TeXBase1Encoding ReEncodeFont " <[8r.enc <zxlr.pfb
zxlr-7nums zxlr-7nums <zxlr-7nums.pfb
zxlr-5nums zxlr-5nums <zxlr-5nums.pfb
rfxlzi-vw5 LibAltz-vw5 <fxlzi-vw5.pfb
rfxlzi-vw7 LibAltz-vw7 <fxlzi-vw7.pfb
rfxlzi-vw LibAltz-vw <fxlzi-vw.pfb
rfxlri-vw LibAltr-vw <fxlri-vw.pfb
rfxlri-vw7 LibAltr-vw7 <fxlri-vw7.pfb
rfxlri-vw5 LibAltr-vw5 <fxlri-vw5.pfb
LibertineTheta-Regular LibertineTheta-Regular <LibertineTheta-Regular.pfb
ntxsups ntxsups <ntxsups.pfb
ntxexmods NTXEXMODS <ntxexmods.pfb
ntxbexmods NTXBEXMODS <ntxbexmods.pfb
ntxexb NTXEXB <ntxexb.pfb
ntxbexb NTXBEXB <ntxbexb.pfb
rtxmio rtxmi " -.167 SlantFont " <rtxmi.pfb
rtxbmio rtxbmi " -.167 SlantFont " <rtxbmi.pfb
rfxlri-alt LinLibertineI " LibertineAltEncoding ReEncodeFont " <[libertinealt.enc <zxlri.pfb
rfxlzi-alt LinLibertineZI " LibertineAltEncoding ReEncodeFont " <[libertinealt.enc <zxlzi.pfb
fxlri-7alt LinLibertineI7 " LibertineAltEncoding ReEncodeFont " <[libertinealt.enc <fxlri-7letters.pfb
fxlzi-7alt LinLibertineZI7 " LibertineAltEncoding ReEncodeFont " <[libertinealt.enc <fxlzi-7letters.pfb
fxlri-5alt LinLibertineI5 " LibertineAltEncoding ReEncodeFont " <[libertinealt.enc <fxlri-5letters.pfb
fxlzi-5alt LinLibertineZI5 " LibertineAltEncoding ReEncodeFont " <[libertinealt.enc <fxlzi-5letters.pfb
rfxlr-alt LinLibertine " LibertineAltEncoding ReEncodeFont " <[libertinealt.enc <zxlr.pfb
rfxlz-alt LinLibertineZ " LibertineAltEncoding ReEncodeFont " <[libertinealt.enc <zxlz.pfb
fxlri-7letters LinLibertineI7  <fxlri-7letters.pfb
fxlri-5letters LinLibertineI5  <fxlri-5letters.pfb
fxlzi-5letters LinLibertineZI5  <fxlzi-5letters.pfb
fxlzi-7letters LinLibertineZI7  <fxlzi-7letters.pfb
fxlzi-jv fxlzi-Jv <fxlzi-jv.pfb
fxlzi-jv7 fxlzi-Jv7 <fxlzi-jv7.pfb
fxlzi-jv5 fxlzi-Jv5 <fxlzi-jv5.pfb
txsy7 txsy7 <txsy7.pfb
txbsy7 txbsy7 <txbsy7.pfb
txsy5 txsy5 <txsy5.pfb
txbsy5 txbsy5 <txbsy5.pfb
txsya7 txsya7 <txsya7.pfb
txbsya7 txbsya7 <txbsya7.pfb
txsyb5 txsyb5 <txsyb5.pfb
txbsyb5 txbsyb5 <txbsyb5.pfb
rtxmi7 rtxmi7 <rtxmi7.pfb
rtxbmi7 rtxbmi7 <rtxbmi7.pfb
rtxmi5 rtxmi5 <rtxmi5.pfb
rtxbmi5 rtxbmi5 <rtxbmi5.pfb
txmia7 txmia7 <txmia7.pfb
txbmia7 txbmia7 <txbmia7.pfb
txmia5 txmia5 <txmia5.pfb
txbmia5 txbmia5 <txbmia5.pfb
rntxmi rntxmi <rntxmi.pfb
rntxmi5 rntxmi5 <rntxmi5.pfb
rntxmi7 rntxmi7 <rntxmi7.pfb
rntxbmi rntxbmi <rntxbmi.pfb
rntxbmi5 rntxbmi5 <rntxbmi5.pfb
rntxbmi7 rntxbmi7 <rntxbmi7.pfb
rtxbmi-rev rtxbmi-rev <rtxbmi-rev.pfb
rtxbmi7-rev rtxbmi7-rev <rtxbmi7-rev.pfb
rtxbmi5-rev rtxbmi5-rev <rtxbmi5-rev.pfb
ot1-ntxbic TeXGyreTermes-BoldItalic " ntxot1sc ReEncodeFont " <[ntx-ot1-sc.enc <qtmbi.pfb
ot1-ntxric TeXGyreTermes-Italic " ntxot1sc ReEncodeFont " <[ntx-ot1-sc.enc <qtmri.pfb
t1-ntxric TeXGyreTermes-Italic " ntxt1sc ReEncodeFont " <[ntx-t1-sc.enc <qtmri.pfb
t1-ntxbic TeXGyreTermes-BoldItalic " ntxt1sc ReEncodeFont " <[ntx-t1-sc.enc <qtmbi.pfb
ly1-ntxric TeXGyreTermes-Italic " ntxly1sc ReEncodeFont " <[ntx-ly1-sc.enc <qtmri.pfb
ly1-ntxbic TeXGyreTermes-BoldItalic " ntxly1sc ReEncodeFont " <[ntx-ly1-sc.enc <qtmbi.pfb
t1-ntxric-osf TeXGyreTermes-Italic " encqecsc ReEncodeFont " <[q-ec-sc.enc <qtmri.pfb
t1-ntxbic-osf TeXGyreTermes-BoldItalic " encqecsc ReEncodeFont " <[q-ec-sc.enc <qtmbi.pfb
ot1-ntxric-osf TeXGyreTermes-Italic " encqrmsc ReEncodeFont " <[q-rm-sc.enc <qtmri.pfb
ot1-ntxbic-osf TeXGyreTermes-BoldItalic " encqrmsc ReEncodeFont " <[q-rm-sc.enc <qtmbi.pfb
ly1-ntxric-osf TeXGyreTermes-Italic " encqtexnansisc ReEncodeFont " <[q-texnansi-sc.enc <qtmri.pfb
ly1-ntxbic-osf TeXGyreTermes-BoldItalic " encqtexnansisc ReEncodeFont " <[q-texnansi-sc.enc <qtmbi.pfb
ot1-ntxbc-osf TeXGyreTermes-Bold " encqrmsc ReEncodeFont " <[q-rm-sc.enc <qtmb.pfb
ot1-ntxrc-osf TeXGyreTermes-Regular " encqrmsc ReEncodeFont " <[q-rm-sc.enc <qtmr.pfb
t1-ntxrc-osf TeXGyreTermes-Regular " encqecsc ReEncodeFont " <[q-ec-sc.enc <qtmr.pfb
t1-ntxbc-osf TeXGyreTermes-Bold " encqecsc ReEncodeFont " <[q-ec-sc.enc <qtmb.pfb
ly1-ntxrc-osf TeXGyreTermes-Regular " encqtexnansisc ReEncodeFont " <[q-texnansi-sc.enc <qtmr.pfb
ly1-ntxbc-osf TeXGyreTermes-Bold " encqtexnansisc ReEncodeFont " <[q-texnansi-sc.enc <qtmb.pfb
txex-bar txex-bar <txex-bar.pfb
txbex-bar txbex-bar <txbex-bar.pfb
ntxsyralt ntxsyralt " ntxmiaaltEncoding ReEncodeFont " <[ntxmiaalt.enc <ntxsyralt.pfb
ntxsybalt ntxsybalt " ntxmiaaltEncoding ReEncodeFont " <[ntxmiaalt.enc <ntxsybalt.pfb
MinLibIta-ly1 MinLibIta " TeXnANSIEncoding ReEncodeFont " <[texnansx.enc <MinLibIta
MinLibBolIta-ly1 MinLibBolIta " TeXnANSIEncoding ReEncodeFont " <[texnansx.enc <MinLibBolIta
MinLibReg-ly1 MinLibReg " TeXnANSIEncoding ReEncodeFont " <[texnansx.enc <MinLibReg
MinLibBol-ly1 MinLibBol " TeXnANSIEncoding ReEncodeFont " <[texnansx.enc <MinLibBol
MinLibIta-t1 MinLibIta " ECEncoding ReEncodeFont " <[ec.enc <MinLibIta
MinLibBolIta-t1 MinLibBolIta " ECEncoding ReEncodeFont " <[ec.enc <MinLibBolIta
MinLibReg-t1 MinLibReg " ECEncoding ReEncodeFont " <[ec.enc <MinLibReg
MinLibBol-t1 MinLibBol " ECEncoding ReEncodeFont " <[ec.enc <MinLibBol
MinLibIta-ot1 MinLibIta " LCDF7TEncoding ReEncodeFont " <[7t.enc <MinLibIta
MinLibBolIta-ot1 MinLibBolIta " LCDF7TEncoding ReEncodeFont " <[7t.enc <MinLibBolIta
MinLibReg-ot1 MinLibReg " LCDF7TEncoding ReEncodeFont " <[7t.enc <MinLibReg
MinLibBol-ot1 MinLibBol " LCDF7TEncoding ReEncodeFont " <[7t.enc <MinLibBol
rtxmi-ut rtxmi " -.0465 SlantFont " <rtxmi.pfb
rtxbmi-ut rtxbmi " -.0465 SlantFont " <rtxbmi.pfb
ptmrc8r Times-RomanSC " TeXBase1Encoding ReEncodeFont " <[8r.enc <ptmrc8a.pfb
ptmbc8r Times-BoldSC " TeXBase1Encoding ReEncodeFont " <[8r.enc <ptmbc8a.pfb
